../Core/Src/main.c:94:6:createSinewave	64	static
../Core/Src/main.c:105:6:uart_send_int	24	static
../Core/Src/main.c:113:6:uartInterrupt	24	static
../Core/Src/main.c:148:6:clearAdcData	16	static
../Core/Src/main.c:160:5:main	48	static
../Core/Src/main.c:290:6:SystemClock_Config	96	static
../Core/Src/main.c:336:13:MX_ADC1_Init	48	static
../Core/Src/main.c:402:13:MX_DAC1_Init	24	static
../Core/Src/main.c:442:13:MX_DAC2_Init	24	static
../Core/Src/main.c:482:13:MX_TIM2_Init	40	static
../Core/Src/main.c:527:13:MX_TIM3_Init	40	static
../Core/Src/main.c:579:13:MX_USART2_UART_Init	8	static
../Core/Src/main.c:612:13:MX_DMA_Init	16	static
../Core/Src/main.c:633:13:MX_GPIO_Init	16	static
../Core/Src/main.c:654:6:Error_Handler	4	static,ignoring_inline_asm
